[Wed Jun  3 11:44:14 2026] PHP 8.3.6 Development Server (http://localhost:8000) started
[Wed Jun  3 11:44:15 2026] [::1]:56320 Accepted
[Wed Jun  3 11:44:15 2026] [::1]:56320 [200]: GET /login.php
[Wed Jun  3 11:44:15 2026] [::1]:56320 Closing
[Wed Jun  3 11:44:15 2026] [::1]:56332 Accepted
[Wed Jun  3 11:44:15 2026] [::1]:56348 Accepted
[Wed Jun  3 11:44:15 2026] [::1]:56332 [200]: GET /assets/css/style.css
[Wed Jun  3 11:44:15 2026] [::1]:56348 [200]: GET /assets/js/theme.js
[Wed Jun  3 11:44:15 2026] [::1]:56332 Closing
[Wed Jun  3 11:44:15 2026] [::1]:56348 Closing
[Wed Jun  3 11:44:15 2026] [::1]:56354 Accepted
[Wed Jun  3 11:44:15 2026] [::1]:56354 [302]: POST /login.php
[Wed Jun  3 11:44:15 2026] [::1]:56354 Closing
[Wed Jun  3 11:44:15 2026] [::1]:56362 Accepted
[Wed Jun  3 11:44:15 2026] [::1]:56362 [200]: GET /index.php
[Wed Jun  3 11:44:15 2026] [::1]:56362 Closing
[Wed Jun  3 11:44:15 2026] [::1]:56376 Accepted
[Wed Jun  3 11:44:15 2026] [::1]:56392 Accepted
[Wed Jun  3 11:44:15 2026] [::1]:56376 [200]: GET /assets/css/style.css
[Wed Jun  3 11:44:15 2026] [::1]:56376 Closing
[Wed Jun  3 11:44:15 2026] [::1]:56408 Accepted
[Wed Jun  3 11:44:15 2026] [::1]:56414 Accepted
[Wed Jun  3 11:44:15 2026] [::1]:56408 [404]: GET /uploads/covers/cover.jpg - No such file or directory
[Wed Jun  3 11:44:15 2026] [::1]:56392 [200]: GET /assets/js/theme.js
[Wed Jun  3 11:44:15 2026] [::1]:56414 [200]: GET /uploads/covers/6a20008e43f35.jpg
[Wed Jun  3 11:44:15 2026] [::1]:56408 Closing
[Wed Jun  3 11:44:15 2026] [::1]:56392 Closing
[Wed Jun  3 11:44:15 2026] [::1]:56414 Closing
[Wed Jun  3 11:44:15 2026] [::1]:56422 Accepted
[Wed Jun  3 11:44:15 2026] [::1]:56422 [200]: GET /uploads/covers/6a1fff69717f7.jpg
[Wed Jun  3 11:44:15 2026] [::1]:56422 Closing
[Wed Jun  3 11:44:15 2026] [::1]:56436 Accepted
[Wed Jun  3 11:44:15 2026] [::1]:56436 [404]: GET /uploads/covers/cover.jpg - No such file or directory
[Wed Jun  3 11:44:15 2026] [::1]:56436 Closing
[Wed Jun  3 11:44:17 2026] [::1]:56440 Accepted
[Wed Jun  3 11:44:17 2026] [::1]:56440 [200]: GET /index.php
[Wed Jun  3 11:44:17 2026] [::1]:56440 Closing
[Wed Jun  3 11:44:17 2026] [::1]:56450 Accepted
[Wed Jun  3 11:44:17 2026] [::1]:56458 Accepted
[Wed Jun  3 11:44:17 2026] [::1]:56468 Accepted
[Wed Jun  3 11:44:17 2026] [::1]:56470 Accepted
[Wed Jun  3 11:44:17 2026] [::1]:56450 [200]: GET /assets/css/style.css
[Wed Jun  3 11:44:17 2026] [::1]:56450 Closing
[Wed Jun  3 11:44:17 2026] [::1]:56458 [200]: GET /assets/js/theme.js
[Wed Jun  3 11:44:17 2026] [::1]:56458 Closing
[Wed Jun  3 11:44:17 2026] [::1]:56468 [200]: GET /uploads/covers/6a20008e43f35.jpg
[Wed Jun  3 11:44:17 2026] [::1]:56470 [404]: GET /uploads/covers/cover.jpg - No such file or directory
[Wed Jun  3 11:44:17 2026] [::1]:56470 Closing
[Wed Jun  3 11:44:17 2026] [::1]:56468 Closing
[Wed Jun  3 11:44:17 2026] [::1]:56478 Accepted
[Wed Jun  3 11:44:17 2026] [::1]:56478 [200]: GET /uploads/covers/6a1fff69717f7.jpg
[Wed Jun  3 11:44:17 2026] [::1]:56478 Closing
[Wed Jun  3 11:44:17 2026] [::1]:56488 Accepted
[Wed Jun  3 11:44:17 2026] [::1]:56488 [404]: GET /uploads/covers/cover.jpg - No such file or directory
[Wed Jun  3 11:44:17 2026] [::1]:56488 Closing
[Wed Jun  3 11:44:17 2026] [::1]:56496 Accepted
[Wed Jun  3 11:44:17 2026] [::1]:56496 [200]: GET /product_details.php?id=4
[Wed Jun  3 11:44:17 2026] [::1]:56496 Closing
[Wed Jun  3 11:44:17 2026] [::1]:56510 Accepted
[Wed Jun  3 11:44:17 2026] [::1]:56516 Accepted
[Wed Jun  3 11:44:17 2026] [::1]:56520 Accepted
[Wed Jun  3 11:44:17 2026] [::1]:56510 [200]: GET /assets/css/style.css
[Wed Jun  3 11:44:17 2026] [::1]:56516 [200]: GET /assets/js/theme.js
[Wed Jun  3 11:44:17 2026] [::1]:56520 [404]: GET /uploads/covers/cover.jpg - No such file or directory
[Wed Jun  3 11:44:17 2026] [::1]:56510 Closing
[Wed Jun  3 11:44:17 2026] [::1]:56520 Closing
[Wed Jun  3 11:44:17 2026] [::1]:56516 Closing
[Wed Jun  3 11:44:17 2026] [::1]:56530 Accepted
[Wed Jun  3 11:44:17 2026] [::1]:56530 [200]: GET /index.php
[Wed Jun  3 11:44:17 2026] [::1]:56530 Closing
[Wed Jun  3 11:44:17 2026] [::1]:56536 Accepted
[Wed Jun  3 11:44:17 2026] [::1]:56536 [404]: GET /uploads/covers/cover.jpg - No such file or directory
[Wed Jun  3 11:44:17 2026] [::1]:56536 Closing
